<html>
<body>
<pre>
<h1>µVision Build Log</h1>
<h2>Project:</h2>
D:\Libraries\Documents\GitHub\PWM_lib\timers.uvproj
Project File Date:  04/26/2016

<h2>Output:</h2>
Rebuild target 'timers'
assembling startup_rvmdk.S...
compiling timers.c...
compiling uartstdio.c...
linking...
Program Size: Code=2888 RO-data=608 RW-data=12 ZI-data=260  
After Build - User command #1: fromelf --bin --output .\rvmdk\timers.bin .\rvmdk\timers.axf
".\rvmdk\timers.axf" - 0 Error(s), 0 Warning(s).
Load "D:\\Libraries\\Documents\\GitHub\\PWM_lib\\rvmdk\\timers.axf" 
Connecting: Mode=JTAG, Speed=1000000Hz
Erase Done.
Programming Done.
Verify OK.
